$VAR1 = {
          '30561' => 'Euarchontoglires'
        };
